<html>
<body>
<pre>
<h1>礦ision Build Log</h1>
<h2>Tool Versions:</h2>
IDE-Version: μVision V5.30.0.0
Copyright (C) 2020 ARM Ltd and ARM Germany GmbH. All rights reserved.
License Information: f py, 1, LIC=EXJT4-FNLB3-011P1-CHQGQ-V3YT0-4RMNB
 
Tool Versions:
Toolchain:       MDK-ARM Plus  Version: 5.30.0.0
Toolchain Path:  C:\Keil_v5\ARM\ARMCC\Bin
C Compiler:      Armcc.exe V5.06 update 6 (build 750)
Assembler:       Armasm.exe V5.06 update 6 (build 750)
Linker/Locator:  ArmLink.exe V5.06 update 6 (build 750)
Library Manager: ArmAr.exe V5.06 update 6 (build 750)
Hex Converter:   FromElf.exe V5.06 update 6 (build 750)
CPU DLL:         SARMCM3.DLL V5.30.0.0
Dialog DLL:      DCM.DLL V1.17.3.0
Target DLL:      Segger\JL2CM3.dll V2.99.38.0
Dialog DLL:      TCM.DLL V1.42.0.0
 
<h2>Project:</h2>
F:\workspace\GITHUB\SingleLightControl-NB\NBControl\code\MDK-ARM\NBControl.uvprojx
Project File Date:  03/05/2021

<h2>Output:</h2>
*** Using Compiler 'V5.06 update 6 (build 750)', folder: 'C:\Keil_v5\ARM\ARMCC\Bin'
Build target 'LoraControl'
compiling BC26.c...
..\Bsp\inc\bsp_wdt.h(12): warning:  #1-D: last line of file ends without a newline
  #endif
..\App\src\BC26.c(205): warning:  #188-D: enumerated type mixed with another type
  		NREST(1);
..\App\src\BC26.c(207): warning:  #188-D: enumerated type mixed with another type
  		NREST(0);
..\App\src\BC26.c(208): warning:  #188-D: enumerated type mixed with another type
  		PWRKEY(1);//拉低
..\App\src\BC26.c(210): warning:  #188-D: enumerated type mixed with another type
  		PWRKEY(0);//拉高正常开机
..\App\src\BC26.c(202): warning:  #177-D: variable "ret"  was declared but never referenced
  	uint8_t ret = 0;
..\App\src\BC26.c(221): warning:  #188-D: enumerated type mixed with another type
  		NREST(1);
..\App\src\BC26.c(223): warning:  #188-D: enumerated type mixed with another type
  		NREST(0);
..\App\src\BC26.c(225): warning:  #188-D: enumerated type mixed with another type
  		PWRKEY(1);//拉低
..\App\src\BC26.c(227): warning:  #188-D: enumerated type mixed with another type
  		PWRKEY(0);//拉高正常开机
..\App\src\BC26.c(216): warning:  #177-D: variable "strx"  was declared but never referenced
  	char *strx;
..\App\src\BC26.c(217): warning:  #177-D: variable "ret"  was declared but never referenced
  	uint8_t ret = 0;
..\App\src\BC26.c(340): warning:  #177-D: variable "sim_cnt"  was declared but never referenced
  	uint8_t sim_cnt = 0;
..\App\src\BC26.c(620): warning:  #177-D: variable "num"  was declared but never referenced
  	uint32_t num;
..\App\src\BC26.c(622): warning:  #550-D: variable "msgdata"  was set but never used
  	uint8_t *msgdata = NULL;
..\App\src\BC26.c(725): warning:  #177-D: variable "lora_status_new"  was declared but never referenced
  	uint8_t lora_status_new;
..\App\src\BC26.c(727): warning:  #177-D: variable "get_status_cnt"  was declared but never referenced
  	uint8_t get_status_cnt = 0;
..\App\src\BC26.c: 17 warnings, 0 errors
linking...
Program Size: Code=33844 RO-data=2848 RW-data=332 ZI-data=16076  
FromELF: creating hex file...
After Build - User command #1: C:\Keil_v5\ARM\ARMCC\bin\fromelf.exe --bin --output ./Bin/NBControl.bin ./NBControl/NBControl.axf
".\NBControl\NBControl.axf" - 0 Error(s), 17 Warning(s).

<h2>Software Packages used:</h2>

Package Vendor: ARM
                http://www.keil.com/pack/ARM.CMSIS.5.7.0.pack
                ARM.CMSIS.5.7.0
                CMSIS (Cortex Microcontroller Software Interface Standard)
   * Component: CORE Version: 5.4.0

Package Vendor: Keil
                http://www.keil.com/pack/Keil.STM32F1xx_DFP.2.2.0.pack
                Keil.STM32F1xx_DFP.2.2.0
                STMicroelectronics STM32F1 Series Device Support, Drivers and Examples

<h2>Collection of Component include folders:</h2>
  .\RTE\_LoraControl
  C:\Users\A\AppData\Local\Arm\Packs\ARM\CMSIS\5.7.0\CMSIS\Core\Include
  C:\Users\A\AppData\Local\Arm\Packs\Keil\STM32F1xx_DFP\2.2.0\Device\Include

<h2>Collection of Component Files used:</h2>

   * Component: ARM::CMSIS:CORE:5.4.0
Build Time Elapsed:  00:00:02
</pre>
</body>
</html>
